// Jest Snapshot v1, https://goo.gl/fbAQLP

exports[`renders correctly 1`] = `
<RCTSafeAreaView
  emulateUnlessSupported={true}
>
  <View>
    <Text>
      hello
    </Text>
  </View>
</RCTSafeAreaView>
`;
